Archive member included to satisfy reference by file (symbol)

/home/german/esp/hello_world/build/bootloader/main/libmain.a(bootloader_start.o)
                              (call_start_cpu)
/home/german/esp/hello_world/build/bootloader/bootloader_support/libbootloader_support.a(bootloader_init.o)
                              /home/german/esp/hello_world/build/bootloader/main/libmain.a(bootloader_start.o) (bootloader_init)
/home/german/esp/hello_world/build/bootloader/bootloader_support/libbootloader_support.a(bootloader_utility.o)
                              /home/german/esp/hello_world/build/bootloader/main/libmain.a(bootloader_start.o) (bootloader_utility_load_partition_table)
/home/german/esp/hello_world/build/bootloader/bootloader_support/libbootloader_support.a(bootloader_common.o)
                              /home/german/esp/hello_world/build/bootloader/bootloader_support/libbootloader_support.a(bootloader_utility.o) (bootloader_common_ota_select_valid)
/home/german/esp/hello_world/build/bootloader/bootloader_support/libbootloader_support.a(flash_partitions.o)
                              /home/german/esp/hello_world/build/bootloader/bootloader_support/libbootloader_support.a(bootloader_utility.o) (esp_partition_table_basic_verify)
/home/german/esp/hello_world/build/bootloader/bootloader_support/libbootloader_support.a(esp_image_format.o)
                              /home/german/esp/hello_world/build/bootloader/bootloader_support/libbootloader_support.a(bootloader_utility.o) (esp_image_load)
/home/german/esp/hello_world/build/bootloader/bootloader_support/libbootloader_support.a(bootloader_flash.o)
                              /home/german/esp/hello_world/build/bootloader/bootloader_support/libbootloader_support.a(bootloader_utility.o) (bootloader_mmap)
/home/german/esp/hello_world/build/bootloader/spi_flash/libspi_flash.a(spi_flash.o)
                              /home/german/esp/hello_world/build/bootloader/bootloader_support/libbootloader_support.a(flash_partitions.o) (g_rom_flashchip)
/home/german/esp/hello_world/build/bootloader/spi_flash/libspi_flash.a(spi_flash_raw.o)
                              /home/german/esp/hello_world/build/bootloader/spi_flash/libspi_flash.a(spi_flash.o) (spi_flash_get_id_raw)
/home/german/esp/hello_world/build/bootloader/log/liblog.a(log.o)
                              /home/german/esp/hello_world/build/bootloader/bootloader_support/libbootloader_support.a(bootloader_common.o) (esp_log_early_timestamp)
/home/german/esp/hello_world/build/bootloader/esp8266/libesp8266.a(ets_printf.o)
                              /home/german/esp/hello_world/build/bootloader/log/liblog.a(log.o) (ets_vprintf)
/home/german/esp/hello_world/build/bootloader/util/libutil.a(crc.o)
                              /home/german/esp/hello_world/build/bootloader/bootloader_support/libbootloader_support.a(bootloader_common.o) (crc32_le)
/home/german/esp/ESP8266_RTOS_SDK/components/esp8266/lib/libcore.a(phy.o)
                              /home/german/esp/hello_world/build/bootloader/bootloader_support/libbootloader_support.a(bootloader_init.o) (phy_reg_default)
/home/german/esp/ESP8266_RTOS_SDK/components/esp8266/lib/libcore.a(uart.o)
                              /home/german/esp/hello_world/build/bootloader/bootloader_support/libbootloader_support.a(bootloader_init.o) (uart_div_modify)

Allocating common symbols
Common symbol       size              file

esp_image_spi_freq_t
                    0x4               /home/german/esp/hello_world/build/bootloader/main/libmain.a(bootloader_start.o)

Discarded input sections

 .text          0x0000000000000000        0x0 /home/german/esp/hello_world/build/bootloader/main/libmain.a(bootloader_start.o)
 .data          0x0000000000000000        0x0 /home/german/esp/hello_world/build/bootloader/main/libmain.a(bootloader_start.o)
 .bss           0x0000000000000000        0x0 /home/german/esp/hello_world/build/bootloader/main/libmain.a(bootloader_start.o)
 .xt.lit        0x0000000000000000       0x18 /home/german/esp/hello_world/build/bootloader/main/libmain.a(bootloader_start.o)
 .xt.prop       0x0000000000000000       0xe4 /home/german/esp/hello_world/build/bootloader/main/libmain.a(bootloader_start.o)
 COMMON         0x0000000000000000        0x4 /home/german/esp/hello_world/build/bootloader/main/libmain.a(bootloader_start.o)
 .text          0x0000000000000000        0x0 /home/german/esp/hello_world/build/bootloader/bootloader_support/libbootloader_support.a(bootloader_init.o)
 .data          0x0000000000000000        0x0 /home/german/esp/hello_world/build/bootloader/bootloader_support/libbootloader_support.a(bootloader_init.o)
 .bss           0x0000000000000000        0x0 /home/german/esp/hello_world/build/bootloader/bootloader_support/libbootloader_support.a(bootloader_init.o)
 .xt.lit        0x0000000000000000       0x28 /home/german/esp/hello_world/build/bootloader/bootloader_support/libbootloader_support.a(bootloader_init.o)
 .xt.prop       0x0000000000000000      0x258 /home/german/esp/hello_world/build/bootloader/bootloader_support/libbootloader_support.a(bootloader_init.o)
 .text          0x0000000000000000        0x0 /home/german/esp/hello_world/build/bootloader/bootloader_support/libbootloader_support.a(bootloader_utility.o)
 .data          0x0000000000000000        0x0 /home/german/esp/hello_world/build/bootloader/bootloader_support/libbootloader_support.a(bootloader_utility.o)
 .bss           0x0000000000000000        0x0 /home/german/esp/hello_world/build/bootloader/bootloader_support/libbootloader_support.a(bootloader_utility.o)
 .xt.lit        0x0000000000000000       0x30 /home/german/esp/hello_world/build/bootloader/bootloader_support/libbootloader_support.a(bootloader_utility.o)
 .xt.prop       0x0000000000000000      0x504 /home/german/esp/hello_world/build/bootloader/bootloader_support/libbootloader_support.a(bootloader_utility.o)
 .literal.bootloader_common_check_long_hold_gpio
                0x0000000000000000       0x58 /home/german/esp/hello_world/build/bootloader/bootloader_support/libbootloader_support.a(bootloader_common.o)
 .text          0x0000000000000000        0x0 /home/german/esp/hello_world/build/bootloader/bootloader_support/libbootloader_support.a(bootloader_common.o)
 .data          0x0000000000000000        0x0 /home/german/esp/hello_world/build/bootloader/bootloader_support/libbootloader_support.a(bootloader_common.o)
 .bss           0x0000000000000000        0x0 /home/german/esp/hello_world/build/bootloader/bootloader_support/libbootloader_support.a(bootloader_common.o)
 .text.bootloader_common_check_long_hold_gpio
                0x0000000000000000      0x22c /home/german/esp/hello_world/build/bootloader/bootloader_support/libbootloader_support.a(bootloader_common.o)
 .xt.lit        0x0000000000000000       0x18 /home/german/esp/hello_world/build/bootloader/bootloader_support/libbootloader_support.a(bootloader_common.o)
 .xt.prop       0x0000000000000000      0x420 /home/german/esp/hello_world/build/bootloader/bootloader_support/libbootloader_support.a(bootloader_common.o)
 .text          0x0000000000000000        0x0 /home/german/esp/hello_world/build/bootloader/bootloader_support/libbootloader_support.a(flash_partitions.o)
 .data          0x0000000000000000        0x0 /home/german/esp/hello_world/build/bootloader/bootloader_support/libbootloader_support.a(flash_partitions.o)
 .bss           0x0000000000000000        0x0 /home/german/esp/hello_world/build/bootloader/bootloader_support/libbootloader_support.a(flash_partitions.o)
 .xt.lit        0x0000000000000000        0x8 /home/german/esp/hello_world/build/bootloader/bootloader_support/libbootloader_support.a(flash_partitions.o)
 .xt.prop       0x0000000000000000       0xfc /home/german/esp/hello_world/build/bootloader/bootloader_support/libbootloader_support.a(flash_partitions.o)
 .literal.esp_image_verify_bootloader
                0x0000000000000000        0x8 /home/german/esp/hello_world/build/bootloader/bootloader_support/libbootloader_support.a(esp_image_format.o)
 .text          0x0000000000000000        0x0 /home/german/esp/hello_world/build/bootloader/bootloader_support/libbootloader_support.a(esp_image_format.o)
 .data          0x0000000000000000        0x0 /home/german/esp/hello_world/build/bootloader/bootloader_support/libbootloader_support.a(esp_image_format.o)
 .bss           0x0000000000000000        0x0 /home/german/esp/hello_world/build/bootloader/bootloader_support/libbootloader_support.a(esp_image_format.o)
 .text.esp_image_verify_bootloader
                0x0000000000000000       0x41 /home/german/esp/hello_world/build/bootloader/bootloader_support/libbootloader_support.a(esp_image_format.o)
 .xt.lit        0x0000000000000000       0x40 /home/german/esp/hello_world/build/bootloader/bootloader_support/libbootloader_support.a(esp_image_format.o)
 .xt.prop       0x0000000000000000      0x474 /home/german/esp/hello_world/build/bootloader/bootloader_support/libbootloader_support.a(esp_image_format.o)
 .literal.bootloader_flash_write
                0x0000000000000000       0x28 /home/german/esp/hello_world/build/bootloader/bootloader_support/libbootloader_support.a(bootloader_flash.o)
 .literal.bootloader_flash_erase_sector
                0x0000000000000000        0x4 /home/german/esp/hello_world/build/bootloader/bootloader_support/libbootloader_support.a(bootloader_flash.o)
 .text          0x0000000000000000        0x0 /home/german/esp/hello_world/build/bootloader/bootloader_support/libbootloader_support.a(bootloader_flash.o)
 .data          0x0000000000000000        0x0 /home/german/esp/hello_world/build/bootloader/bootloader_support/libbootloader_support.a(bootloader_flash.o)
 .bss           0x0000000000000000        0x0 /home/german/esp/hello_world/build/bootloader/bootloader_support/libbootloader_support.a(bootloader_flash.o)
 .text.bootloader_flash_write
                0x0000000000000000       0x9d /home/german/esp/hello_world/build/bootloader/bootloader_support/libbootloader_support.a(bootloader_flash.o)
 .text.bootloader_flash_erase_sector
                0x0000000000000000       0x15 /home/german/esp/hello_world/build/bootloader/bootloader_support/libbootloader_support.a(bootloader_flash.o)
 .xt.lit        0x0000000000000000       0x30 /home/german/esp/hello_world/build/bootloader/bootloader_support/libbootloader_support.a(bootloader_flash.o)
 .xt.prop       0x0000000000000000      0x204 /home/german/esp/hello_world/build/bootloader/bootloader_support/libbootloader_support.a(bootloader_flash.o)
 .literal.spi_flash_program
                0x0000000000000000       0x20 /home/german/esp/hello_world/build/bootloader/spi_flash/libspi_flash.a(spi_flash.o)
 .literal.__spi_flash_write
                0x0000000000000000        0x8 /home/german/esp/hello_world/build/bootloader/spi_flash/libspi_flash.a(spi_flash.o)
 .literal.__spi_flash_read
                0x0000000000000000       0x10 /home/german/esp/hello_world/build/bootloader/spi_flash/libspi_flash.a(spi_flash.o)
 .literal.spi_flash_write_status
                0x0000000000000000        0xc /home/german/esp/hello_world/build/bootloader/spi_flash/libspi_flash.a(spi_flash.o)
 .literal.spi_flash_check_wr_protect
                0x0000000000000000       0x4c /home/german/esp/hello_world/build/bootloader/spi_flash/libspi_flash.a(spi_flash.o)
 .literal.spi_flash_erase_sector
                0x0000000000000000       0x18 /home/german/esp/hello_world/build/bootloader/spi_flash/libspi_flash.a(spi_flash.o)
 .literal.spi_flash_read
                0x0000000000000000       0x24 /home/german/esp/hello_world/build/bootloader/spi_flash/libspi_flash.a(spi_flash.o)
 .literal.spi_flash_write
                0x0000000000000000       0x3c /home/german/esp/hello_world/build/bootloader/spi_flash/libspi_flash.a(spi_flash.o)
 .literal.spi_flash_erase_range
                0x0000000000000000       0x10 /home/german/esp/hello_world/build/bootloader/spi_flash/libspi_flash.a(spi_flash.o)
 .literal.spi_flash_cache2phys
                0x0000000000000000       0x14 /home/german/esp/hello_world/build/bootloader/spi_flash/libspi_flash.a(spi_flash.o)
 .literal.spi_flash_get_chip_size
                0x0000000000000000        0x4 /home/german/esp/hello_world/build/bootloader/spi_flash/libspi_flash.a(spi_flash.o)
 .text          0x0000000000000000        0x0 /home/german/esp/hello_world/build/bootloader/spi_flash/libspi_flash.a(spi_flash.o)
 .data          0x0000000000000000        0x0 /home/german/esp/hello_world/build/bootloader/spi_flash/libspi_flash.a(spi_flash.o)
 .bss           0x0000000000000000        0x0 /home/german/esp/hello_world/build/bootloader/spi_flash/libspi_flash.a(spi_flash.o)
 .text.spi_flash_program
                0x0000000000000000       0xcb /home/german/esp/hello_world/build/bootloader/spi_flash/libspi_flash.a(spi_flash.o)
 .text.__spi_flash_write
                0x0000000000000000       0x23 /home/german/esp/hello_world/build/bootloader/spi_flash/libspi_flash.a(spi_flash.o)
 .text.__spi_flash_read
                0x0000000000000000       0x31 /home/german/esp/hello_world/build/bootloader/spi_flash/libspi_flash.a(spi_flash.o)
 .text.spi_flash_write_status
                0x0000000000000000       0x2a /home/german/esp/hello_world/build/bootloader/spi_flash/libspi_flash.a(spi_flash.o)
 .text.spi_flash_check_wr_protect
                0x0000000000000000      0x161 /home/german/esp/hello_world/build/bootloader/spi_flash/libspi_flash.a(spi_flash.o)
 .text.spi_flash_erase_sector
                0x0000000000000000       0x56 /home/german/esp/hello_world/build/bootloader/spi_flash/libspi_flash.a(spi_flash.o)
 .text.spi_flash_read
                0x0000000000000000      0x110 /home/german/esp/hello_world/build/bootloader/spi_flash/libspi_flash.a(spi_flash.o)
 .text.spi_flash_write
                0x0000000000000000      0x170 /home/german/esp/hello_world/build/bootloader/spi_flash/libspi_flash.a(spi_flash.o)
 .text.spi_flash_erase_range
                0x0000000000000000       0x6d /home/german/esp/hello_world/build/bootloader/spi_flash/libspi_flash.a(spi_flash.o)
 .text.spi_flash_cache2phys
                0x0000000000000000       0x48 /home/german/esp/hello_world/build/bootloader/spi_flash/libspi_flash.a(spi_flash.o)
 .text.spi_flash_get_chip_size
                0x0000000000000000        0x7 /home/german/esp/hello_world/build/bootloader/spi_flash/libspi_flash.a(spi_flash.o)
 .xt.lit        0x0000000000000000       0xd0 /home/german/esp/hello_world/build/bootloader/spi_flash/libspi_flash.a(spi_flash.o)
 .xt.prop       0x0000000000000000      0xbdc /home/german/esp/hello_world/build/bootloader/spi_flash/libspi_flash.a(spi_flash.o)
 .literal.spi_flash_write_status_raw
                0x0000000000000000       0x1c /home/german/esp/hello_world/build/bootloader/spi_flash/libspi_flash.a(spi_flash_raw.o)
 .literal.spi_flash_erase_sector_raw
                0x0000000000000000       0x14 /home/german/esp/hello_world/build/bootloader/spi_flash/libspi_flash.a(spi_flash_raw.o)
 .literal.spi_flash_write_raw
                0x0000000000000000        0xc /home/german/esp/hello_world/build/bootloader/spi_flash/libspi_flash.a(spi_flash_raw.o)
 .literal.spi_flash_read_raw
                0x0000000000000000        0xc /home/german/esp/hello_world/build/bootloader/spi_flash/libspi_flash.a(spi_flash_raw.o)
 .text          0x0000000000000000        0x0 /home/german/esp/hello_world/build/bootloader/spi_flash/libspi_flash.a(spi_flash_raw.o)
 .data          0x0000000000000000        0x0 /home/german/esp/hello_world/build/bootloader/spi_flash/libspi_flash.a(spi_flash_raw.o)
 .bss           0x0000000000000000        0x0 /home/german/esp/hello_world/build/bootloader/spi_flash/libspi_flash.a(spi_flash_raw.o)
 .text.spi_flash_write_status_raw
                0x0000000000000000       0x5c /home/german/esp/hello_world/build/bootloader/spi_flash/libspi_flash.a(spi_flash_raw.o)
 .text.spi_flash_erase_sector_raw
                0x0000000000000000       0x54 /home/german/esp/hello_world/build/bootloader/spi_flash/libspi_flash.a(spi_flash_raw.o)
 .text.spi_flash_write_raw
                0x0000000000000000       0x43 /home/german/esp/hello_world/build/bootloader/spi_flash/libspi_flash.a(spi_flash_raw.o)
 .text.spi_flash_read_raw
                0x0000000000000000       0x43 /home/german/esp/hello_world/build/bootloader/spi_flash/libspi_flash.a(spi_flash_raw.o)
 .xt.lit        0x0000000000000000       0x58 /home/german/esp/hello_world/build/bootloader/spi_flash/libspi_flash.a(spi_flash_raw.o)
 .xt.prop       0x0000000000000000      0x360 /home/german/esp/hello_world/build/bootloader/spi_flash/libspi_flash.a(spi_flash_raw.o)
 .text          0x0000000000000000        0x0 /home/german/esp/hello_world/build/bootloader/log/liblog.a(log.o)
 .data          0x0000000000000000        0x0 /home/german/esp/hello_world/build/bootloader/log/liblog.a(log.o)
 .bss           0x0000000000000000        0x0 /home/german/esp/hello_world/build/bootloader/log/liblog.a(log.o)
 .xt.lit        0x0000000000000000       0x10 /home/german/esp/hello_world/build/bootloader/log/liblog.a(log.o)
 .xt.prop       0x0000000000000000       0xcc /home/german/esp/hello_world/build/bootloader/log/liblog.a(log.o)
 .text          0x0000000000000000        0x0 /home/german/esp/hello_world/build/bootloader/esp8266/libesp8266.a(ets_printf.o)
 .data          0x0000000000000000        0x0 /home/german/esp/hello_world/build/bootloader/esp8266/libesp8266.a(ets_printf.o)
 .bss           0x0000000000000000        0x0 /home/german/esp/hello_world/build/bootloader/esp8266/libesp8266.a(ets_printf.o)
 .xt.lit        0x0000000000000000       0x20 /home/german/esp/hello_world/build/bootloader/esp8266/libesp8266.a(ets_printf.o)
 .xt.prop       0x0000000000000000       0xcc /home/german/esp/hello_world/build/bootloader/esp8266/libesp8266.a(ets_printf.o)
 .literal.crc16_le
                0x0000000000000000        0x4 /home/german/esp/hello_world/build/bootloader/util/libutil.a(crc.o)
 .literal.esp_crc8
                0x0000000000000000        0x4 /home/german/esp/hello_world/build/bootloader/util/libutil.a(crc.o)
 .text          0x0000000000000000        0x0 /home/german/esp/hello_world/build/bootloader/util/libutil.a(crc.o)
 .data          0x0000000000000000        0x0 /home/german/esp/hello_world/build/bootloader/util/libutil.a(crc.o)
 .bss           0x0000000000000000        0x0 /home/german/esp/hello_world/build/bootloader/util/libutil.a(crc.o)
 .text.crc16_le
                0x0000000000000000       0x39 /home/german/esp/hello_world/build/bootloader/util/libutil.a(crc.o)
 .text.esp_crc8
                0x0000000000000000       0x21 /home/german/esp/hello_world/build/bootloader/util/libutil.a(crc.o)
 .rodata.crc8_le_table
                0x0000000000000000      0x100 /home/german/esp/hello_world/build/bootloader/util/libutil.a(crc.o)
 .rodata.crc16_le_table
                0x0000000000000000      0x200 /home/german/esp/hello_world/build/bootloader/util/libutil.a(crc.o)
 .xt.lit        0x0000000000000000       0x18 /home/german/esp/hello_world/build/bootloader/util/libutil.a(crc.o)
 .xt.prop       0x0000000000000000       0xfc /home/german/esp/hello_world/build/bootloader/util/libutil.a(crc.o)
 .literal.phy_reg_default
                0x0000000000000000        0x0 /home/german/esp/ESP8266_RTOS_SDK/components/esp8266/lib/libcore.a(phy.o)
 .text          0x0000000000000000        0x0 /home/german/esp/ESP8266_RTOS_SDK/components/esp8266/lib/libcore.a(phy.o)
 .data          0x0000000000000000        0x0 /home/german/esp/ESP8266_RTOS_SDK/components/esp8266/lib/libcore.a(phy.o)
 .bss           0x0000000000000000        0x0 /home/german/esp/ESP8266_RTOS_SDK/components/esp8266/lib/libcore.a(phy.o)
 .xt.lit        0x0000000000000000        0x8 /home/german/esp/ESP8266_RTOS_SDK/components/esp8266/lib/libcore.a(phy.o)
 .xt.prop       0x0000000000000000       0x48 /home/german/esp/ESP8266_RTOS_SDK/components/esp8266/lib/libcore.a(phy.o)
 .literal.uart_buff_switch
                0x0000000000000000        0x0 /home/german/esp/ESP8266_RTOS_SDK/components/esp8266/lib/libcore.a(uart.o)
 .literal.uart_div_modify
                0x0000000000000000        0x0 /home/german/esp/ESP8266_RTOS_SDK/components/esp8266/lib/libcore.a(uart.o)
 .literal.Uart_Init
                0x0000000000000000        0x0 /home/german/esp/ESP8266_RTOS_SDK/components/esp8266/lib/libcore.a(uart.o)
 .text          0x0000000000000000        0x0 /home/german/esp/ESP8266_RTOS_SDK/components/esp8266/lib/libcore.a(uart.o)
 .data          0x0000000000000000        0x0 /home/german/esp/ESP8266_RTOS_SDK/components/esp8266/lib/libcore.a(uart.o)
 .bss           0x0000000000000000        0x0 /home/german/esp/ESP8266_RTOS_SDK/components/esp8266/lib/libcore.a(uart.o)
 .text.uart_buff_switch
                0x0000000000000000        0x2 /home/german/esp/ESP8266_RTOS_SDK/components/esp8266/lib/libcore.a(uart.o)
 .text.Uart_Init
                0x0000000000000000        0x2 /home/german/esp/ESP8266_RTOS_SDK/components/esp8266/lib/libcore.a(uart.o)
 .xt.lit        0x0000000000000000        0x8 /home/german/esp/ESP8266_RTOS_SDK/components/esp8266/lib/libcore.a(uart.o)
 .xt.prop       0x0000000000000000       0x78 /home/german/esp/ESP8266_RTOS_SDK/components/esp8266/lib/libcore.a(uart.o)

Memory Configuration

Name             Origin             Length             Attributes
dport0_seg       0x000000003ff00000 0x0000000000000010
dram_seg         0x000000003ffe8000 0x0000000000017c00
iram_seg         0x0000000040100000 0x0000000000008000
*default*        0x0000000000000000 0xffffffffffffffff

Linker script and memory map

START GROUP
LOAD /home/german/esp/hello_world/build/bootloader/main/libmain.a
LOAD /home/german/esp/ESP8266_RTOS_SDK/components/esp8266/lib/libcore.a
LOAD /home/german/esp/hello_world/build/bootloader/bootloader_support/libbootloader_support.a
LOAD /home/german/esp/hello_world/build/bootloader/spi_flash/libspi_flash.a
LOAD /home/german/esp/hello_world/build/bootloader/log/liblog.a
LOAD /home/german/esp/hello_world/build/bootloader/esp8266/libesp8266.a
LOAD /home/german/esp/hello_world/build/bootloader/util/libutil.a
LOAD /home/german/esp/ESP8266_RTOS_SDK/components/esp8266/lib/libgcc.a
LOAD /home/german/esp/xtensa-lx106-elf/bin/../lib/gcc/xtensa-lx106-elf/5.2.0/../../../../xtensa-lx106-elf/lib/libstdc++.a
LOAD /home/german/esp/xtensa-lx106-elf/bin/../lib/gcc/xtensa-lx106-elf/5.2.0/libgcov.a
END GROUP

.text           0x0000000040100000     0x1c1a
                0x0000000040100000                _stext = .
                0x0000000040100000                _text_start = ABSOLUTE (.)
                0x0000000040100000                . = ALIGN (0x10)
 *(.entry.text)
 *(.init.literal)
 *(.init)
 *(.literal .text .literal.* .text.* .stub .gnu.warning .gnu.linkonce.literal.* .gnu.linkonce.t.*.literal .gnu.linkonce.t.*)
 .literal.selected_boot_partition
                0x0000000040100000        0x0 /home/german/esp/hello_world/build/bootloader/main/libmain.a(bootloader_start.o)
                                          0x4 (size before relaxing)
 .literal.select_image
                0x0000000040100000        0xc /home/german/esp/hello_world/build/bootloader/main/libmain.a(bootloader_start.o)
                                         0x1c (size before relaxing)
 .literal.call_start_cpu
                0x000000004010000c        0x0 /home/german/esp/hello_world/build/bootloader/main/libmain.a(bootloader_start.o)
                                          0xc (size before relaxing)
 .literal.print_flash_info
                0x000000004010000c       0x48 /home/german/esp/hello_world/build/bootloader/bootloader_support/libbootloader_support.a(bootloader_init.o)
                                         0x54 (size before relaxing)
 .literal.uart_console_configure
                0x0000000040100054        0x0 /home/german/esp/hello_world/build/bootloader/bootloader_support/libbootloader_support.a(bootloader_init.o)
                                          0x4 (size before relaxing)
 .literal.update_flash_config
                0x0000000040100054        0x4 /home/german/esp/hello_world/build/bootloader/bootloader_support/libbootloader_support.a(bootloader_init.o)
                                          0x8 (size before relaxing)
 .literal.bootloader_main
                0x0000000040100058       0x10 /home/german/esp/hello_world/build/bootloader/bootloader_support/libbootloader_support.a(bootloader_init.o)
                                         0x34 (size before relaxing)
 .literal.bootloader_init
                0x0000000040100068        0x8 /home/german/esp/hello_world/build/bootloader/bootloader_support/libbootloader_support.a(bootloader_init.o)
                                         0x10 (size before relaxing)
 .literal.log_invalid_app_partition
                0x0000000040100070       0x14 /home/german/esp/hello_world/build/bootloader/bootloader_support/libbootloader_support.a(bootloader_utility.o)
                                         0x20 (size before relaxing)
 .literal.try_load_partition
                0x0000000040100084        0x4 /home/german/esp/hello_world/build/bootloader/bootloader_support/libbootloader_support.a(bootloader_utility.o)
                                         0x10 (size before relaxing)
 .literal.bootloader_utility_load_partition_table
                0x0000000040100088       0x4c /home/german/esp/hello_world/build/bootloader/bootloader_support/libbootloader_support.a(bootloader_utility.o)
                                         0x74 (size before relaxing)
 .literal.bootloader_utility_get_selected_boot_partition
                0x00000000401000d4       0x1c /home/german/esp/hello_world/build/bootloader/bootloader_support/libbootloader_support.a(bootloader_utility.o)
                                         0x5c (size before relaxing)
 .literal.bootloader_utility_load_boot_image
                0x00000000401000f0        0xc /home/german/esp/hello_world/build/bootloader/bootloader_support/libbootloader_support.a(bootloader_utility.o)
                                         0x40 (size before relaxing)
 .literal.bootloader_utility_load_image
                0x00000000401000fc       0x14 /home/german/esp/hello_world/build/bootloader/bootloader_support/libbootloader_support.a(bootloader_utility.o)
                                         0x1c (size before relaxing)
 .literal.bootloader_common_ota_select_crc
                0x0000000040100110        0x0 /home/german/esp/hello_world/build/bootloader/bootloader_support/libbootloader_support.a(bootloader_common.o)
                                          0x4 (size before relaxing)
 .literal.bootloader_common_ota_select_valid
                0x0000000040100110        0x0 /home/german/esp/hello_world/build/bootloader/bootloader_support/libbootloader_support.a(bootloader_common.o)
                                          0x4 (size before relaxing)
 .literal.esp_partition_table_basic_verify
                0x0000000040100110       0x1c /home/german/esp/hello_world/build/bootloader/bootloader_support/libbootloader_support.a(flash_partitions.o)
                                         0x2c (size before relaxing)
 .literal.should_map
                0x000000004010012c        0x4 /home/german/esp/hello_world/build/bootloader/bootloader_support/libbootloader_support.a(esp_image_format.o)
                                          0x8 (size before relaxing)
 .literal.should_load
                0x0000000040100130        0x0 /home/german/esp/hello_world/build/bootloader/bootloader_support/libbootloader_support.a(esp_image_format.o)
                                          0x4 (size before relaxing)
 .literal.verify_image_header
                0x0000000040100130       0x14 /home/german/esp/hello_world/build/bootloader/bootloader_support/libbootloader_support.a(esp_image_format.o)
                                         0x20 (size before relaxing)
 .literal.process_segment_data
                0x0000000040100144        0x8 /home/german/esp/hello_world/build/bootloader/bootloader_support/libbootloader_support.a(esp_image_format.o)
                                         0x14 (size before relaxing)
 .literal.verify_checksum
                0x000000004010014c        0x8 /home/german/esp/hello_world/build/bootloader/bootloader_support/libbootloader_support.a(esp_image_format.o)
                                         0x1c (size before relaxing)
 .literal.process_segment
                0x0000000040100154       0x18 /home/german/esp/hello_world/build/bootloader/bootloader_support/libbootloader_support.a(esp_image_format.o)
                                         0x40 (size before relaxing)
 .literal.esp_image_load
                0x000000004010016c       0x14 /home/german/esp/hello_world/build/bootloader/bootloader_support/libbootloader_support.a(esp_image_format.o)
                                         0x44 (size before relaxing)
 .literal.bootloader_flash_read_no_decrypt
                0x0000000040100180        0x4 /home/german/esp/hello_world/build/bootloader/bootloader_support/libbootloader_support.a(bootloader_flash.o)
 .literal.bootloader_mmap
                0x0000000040100184       0x10 /home/german/esp/hello_world/build/bootloader/bootloader_support/libbootloader_support.a(bootloader_flash.o)
                                         0x28 (size before relaxing)
 .literal.bootloader_munmap
                0x0000000040100194        0x0 /home/german/esp/hello_world/build/bootloader/bootloader_support/libbootloader_support.a(bootloader_flash.o)
                                          0x8 (size before relaxing)
 .literal.bootloader_flash_read
                0x0000000040100194        0xc /home/german/esp/hello_world/build/bootloader/bootloader_support/libbootloader_support.a(bootloader_flash.o)
                                         0x20 (size before relaxing)
 .literal.spi_user_cmd
                0x00000000401001a0        0x4 /home/german/esp/hello_world/build/bootloader/spi_flash/libspi_flash.a(spi_flash.o)
                                          0xc (size before relaxing)
 .literal.special_flash_read_status
                0x00000000401001a4        0x0 /home/german/esp/hello_world/build/bootloader/spi_flash/libspi_flash.a(spi_flash.o)
                                          0x4 (size before relaxing)
 .literal.flash_gd25q32c_read_status
                0x00000000401001a4        0x0 /home/german/esp/hello_world/build/bootloader/spi_flash/libspi_flash.a(spi_flash.o)
                                          0x4 (size before relaxing)
 .literal.special_flash_write_status
                0x00000000401001a4        0x0 /home/german/esp/hello_world/build/bootloader/spi_flash/libspi_flash.a(spi_flash.o)
                                          0x8 (size before relaxing)
 .literal.spi_flash_enable_qio_bit6
                0x00000000401001a4        0x0 /home/german/esp/hello_world/build/bootloader/spi_flash/libspi_flash.a(spi_flash.o)
                                          0x4 (size before relaxing)
 .literal.flash_gd25q32c_write_status
                0x00000000401001a4        0x0 /home/german/esp/hello_world/build/bootloader/spi_flash/libspi_flash.a(spi_flash.o)
                                          0x4 (size before relaxing)
 .literal.flash_gd25q32c_enable_QIO_mode
                0x00000000401001a4        0x0 /home/german/esp/hello_world/build/bootloader/spi_flash/libspi_flash.a(spi_flash.o)
                                          0xc (size before relaxing)
 .literal.en25q16x_read_sfdp
                0x00000000401001a4        0x4 /home/german/esp/hello_world/build/bootloader/spi_flash/libspi_flash.a(spi_flash.o)
                                          0x8 (size before relaxing)
 .literal.spi_flash_get_id
                0x00000000401001a8        0x0 /home/german/esp/hello_world/build/bootloader/spi_flash/libspi_flash.a(spi_flash.o)
                                          0xc (size before relaxing)
 .literal.spi_flash_read_status
                0x00000000401001a8        0x0 /home/german/esp/hello_world/build/bootloader/spi_flash/libspi_flash.a(spi_flash.o)
                                          0xc (size before relaxing)
 .literal.spi_flash_issi_enable_QIO_mode
                0x00000000401001a8        0x0 /home/german/esp/hello_world/build/bootloader/spi_flash/libspi_flash.a(spi_flash.o)
                                          0xc (size before relaxing)
 .literal.special_flash_set_mode
                0x00000000401001a8        0x0 /home/german/esp/hello_world/build/bootloader/spi_flash/libspi_flash.a(spi_flash.o)
                                          0x8 (size before relaxing)
 .literal.en25q16x_write_volatile_status
                0x00000000401001a8        0x0 /home/german/esp/hello_world/build/bootloader/spi_flash/libspi_flash.a(spi_flash.o)
                                         0x14 (size before relaxing)
 .literal.user_spi_flash_dio_to_qio_pre_init
                0x00000000401001a8       0x10 /home/german/esp/hello_world/build/bootloader/spi_flash/libspi_flash.a(spi_flash.o)
                                         0x34 (size before relaxing)
 .literal.esp_spi_flash_init
                0x00000000401001b8       0x20 /home/german/esp/hello_world/build/bootloader/spi_flash/libspi_flash.a(spi_flash.o)
                                         0x28 (size before relaxing)
 .literal.Cache_Read_Disable_2
                0x00000000401001d8        0xc /home/german/esp/hello_world/build/bootloader/spi_flash/libspi_flash.a(spi_flash_raw.o)
                                         0x10 (size before relaxing)
 .literal.Cache_Read_Enable_2
                0x00000000401001e4        0x4 /home/german/esp/hello_world/build/bootloader/spi_flash/libspi_flash.a(spi_flash_raw.o)
                                          0xc (size before relaxing)
 .literal.spi_flash_get_id_raw
                0x00000000401001e8       0x10 /home/german/esp/hello_world/build/bootloader/spi_flash/libspi_flash.a(spi_flash_raw.o)
                                         0x1c (size before relaxing)
 .literal.spi_flash_read_status_raw
                0x00000000401001f8        0x4 /home/german/esp/hello_world/build/bootloader/spi_flash/libspi_flash.a(spi_flash_raw.o)
                                          0xc (size before relaxing)
 .literal.spi_flash_enable_qmode_raw
                0x00000000401001fc        0x4 /home/german/esp/hello_world/build/bootloader/spi_flash/libspi_flash.a(spi_flash_raw.o)
                                         0x10 (size before relaxing)
 .literal.spi_user_cmd_raw
                0x0000000040100200       0x64 /home/german/esp/hello_world/build/bootloader/spi_flash/libspi_flash.a(spi_flash_raw.o)
                                         0x8c (size before relaxing)
 .literal.spi_flash_switch_to_qio_raw
                0x0000000040100264        0x8 /home/german/esp/hello_world/build/bootloader/spi_flash/libspi_flash.a(spi_flash_raw.o)
                                          0xc (size before relaxing)
 .literal.uart_putc
                0x000000004010026c        0xc /home/german/esp/hello_world/build/bootloader/esp8266/libesp8266.a(ets_printf.o)
 .literal.ets_putc
                0x0000000040100278        0x0 /home/german/esp/hello_world/build/bootloader/esp8266/libesp8266.a(ets_printf.o)
                                          0x8 (size before relaxing)
 .literal.ets_vprintf
                0x0000000040100278        0x8 /home/german/esp/hello_world/build/bootloader/esp8266/libesp8266.a(ets_printf.o)
 .literal.ets_printf
                0x0000000040100280        0x0 /home/german/esp/hello_world/build/bootloader/esp8266/libesp8266.a(ets_printf.o)
                                          0x4 (size before relaxing)
 .literal.crc32_le
                0x0000000040100280        0x4 /home/german/esp/hello_world/build/bootloader/util/libutil.a(crc.o)
 .iram1.0.literal
                0x0000000040100284        0x8 /home/german/esp/hello_world/build/bootloader/log/liblog.a(log.o)
 .iram1.1.literal
                0x000000004010028c       0x18 /home/german/esp/hello_world/build/bootloader/log/liblog.a(log.o)
                                         0x30 (size before relaxing)
 .text.selected_boot_partition
                0x00000000401002a4        0xf /home/german/esp/hello_world/build/bootloader/main/libmain.a(bootloader_start.o)
                                         0x13 (size before relaxing)
 *fill*         0x00000000401002b3        0x1 
 .text.select_image
                0x00000000401002b4       0x68 /home/german/esp/hello_world/build/bootloader/main/libmain.a(bootloader_start.o)
                                         0x70 (size before relaxing)
 .text.call_start_cpu
                0x000000004010031c       0x26 /home/german/esp/hello_world/build/bootloader/main/libmain.a(bootloader_start.o)
                                         0x2e (size before relaxing)
                0x000000004010031c                call_start_cpu
 *fill*         0x0000000040100342        0x2 
 .text.print_flash_info
                0x0000000040100344       0xc6 /home/german/esp/hello_world/build/bootloader/bootloader_support/libbootloader_support.a(bootloader_init.o)
                                         0xca (size before relaxing)
 *fill*         0x000000004010040a        0x2 
 .text.uart_console_configure
                0x000000004010040c       0x17 /home/german/esp/hello_world/build/bootloader/bootloader_support/libbootloader_support.a(bootloader_init.o)
 *fill*         0x0000000040100423        0x1 
 .text.update_flash_config
                0x0000000040100424       0x21 /home/german/esp/hello_world/build/bootloader/bootloader_support/libbootloader_support.a(bootloader_init.o)
 *fill*         0x0000000040100445        0x3 
 .text.bootloader_main
                0x0000000040100448       0x69 /home/german/esp/hello_world/build/bootloader/bootloader_support/libbootloader_support.a(bootloader_init.o)
                                         0x7d (size before relaxing)
 *fill*         0x00000000401004b1        0x3 
 .text.bootloader_init
                0x00000000401004b4       0x25 /home/german/esp/hello_world/build/bootloader/bootloader_support/libbootloader_support.a(bootloader_init.o)
                                         0x29 (size before relaxing)
                0x00000000401004b4                bootloader_init
 *fill*         0x00000000401004d9        0x3 
 .text.log_invalid_app_partition
                0x00000000401004dc       0x4b /home/german/esp/hello_world/build/bootloader/bootloader_support/libbootloader_support.a(bootloader_utility.o)
                                         0x53 (size before relaxing)
 *fill*         0x0000000040100527        0x1 
 .text.try_load_partition
                0x0000000040100528       0x3d /home/german/esp/hello_world/build/bootloader/bootloader_support/libbootloader_support.a(bootloader_utility.o)
                                         0x41 (size before relaxing)
 *fill*         0x0000000040100565        0x3 
 .text.bootloader_utility_load_partition_table
                0x0000000040100568      0x171 /home/german/esp/hello_world/build/bootloader/bootloader_support/libbootloader_support.a(bootloader_utility.o)
                                        0x185 (size before relaxing)
                0x0000000040100568                bootloader_utility_load_partition_table
 *fill*         0x00000000401006d9        0x3 
 .text.bootloader_utility_get_selected_boot_partition
                0x00000000401006dc      0x146 /home/german/esp/hello_world/build/bootloader/bootloader_support/libbootloader_support.a(bootloader_utility.o)
                                        0x15e (size before relaxing)
                0x00000000401006dc                bootloader_utility_get_selected_boot_partition
 *fill*         0x0000000040100822        0x2 
 .text.bootloader_utility_load_boot_image
                0x0000000040100824       0xd6 /home/german/esp/hello_world/build/bootloader/bootloader_support/libbootloader_support.a(bootloader_utility.o)
                                         0xfa (size before relaxing)
                0x0000000040100824                bootloader_utility_load_boot_image
 *fill*         0x00000000401008fa        0x2 
 .text.bootloader_utility_load_image
                0x00000000401008fc       0x69 /home/german/esp/hello_world/build/bootloader/bootloader_support/libbootloader_support.a(bootloader_utility.o)
                0x00000000401008fc                bootloader_utility_load_image
 *fill*         0x0000000040100965        0x3 
 .text.bootloader_common_ota_select_crc
                0x0000000040100968       0x18 /home/german/esp/hello_world/build/bootloader/bootloader_support/libbootloader_support.a(bootloader_common.o)
                0x0000000040100968                bootloader_common_ota_select_crc
 .text.bootloader_common_ota_select_valid
                0x0000000040100980       0x2c /home/german/esp/hello_world/build/bootloader/bootloader_support/libbootloader_support.a(bootloader_common.o)
                0x0000000040100980                bootloader_common_ota_select_valid
 .text.esp_partition_table_basic_verify
                0x00000000401009ac       0xe7 /home/german/esp/hello_world/build/bootloader/bootloader_support/libbootloader_support.a(flash_partitions.o)
                                         0xeb (size before relaxing)
                0x00000000401009ac                esp_partition_table_basic_verify
 *fill*         0x0000000040100a93        0x1 
 .text.should_map
                0x0000000040100a94       0x15 /home/german/esp/hello_world/build/bootloader/bootloader_support/libbootloader_support.a(esp_image_format.o)
 *fill*         0x0000000040100aa9        0x3 
 .text.should_load
                0x0000000040100aac       0x19 /home/german/esp/hello_world/build/bootloader/bootloader_support/libbootloader_support.a(esp_image_format.o)
                                         0x1d (size before relaxing)
 *fill*         0x0000000040100ac5        0x3 
 .text.verify_image_header
                0x0000000040100ac8       0x7d /home/german/esp/hello_world/build/bootloader/bootloader_support/libbootloader_support.a(esp_image_format.o)
                                         0x85 (size before relaxing)
 *fill*         0x0000000040100b45        0x3 
 .text.process_segment_data
                0x0000000040100b48       0x87 /home/german/esp/hello_world/build/bootloader/bootloader_support/libbootloader_support.a(esp_image_format.o)
                                         0x8f (size before relaxing)
 *fill*         0x0000000040100bcf        0x1 
 .text.verify_checksum
                0x0000000040100bd0       0x92 /home/german/esp/hello_world/build/bootloader/bootloader_support/libbootloader_support.a(esp_image_format.o)
                                         0x9a (size before relaxing)
 *fill*         0x0000000040100c62        0x2 
 .text.process_segment
                0x0000000040100c64      0x11a /home/german/esp/hello_world/build/bootloader/bootloader_support/libbootloader_support.a(esp_image_format.o)
                                        0x12a (size before relaxing)
 *fill*         0x0000000040100d7e        0x2 
 .text.esp_image_load
                0x0000000040100d80      0x193 /home/german/esp/hello_world/build/bootloader/bootloader_support/libbootloader_support.a(esp_image_format.o)
                                        0x1ab (size before relaxing)
                0x0000000040100d80                esp_image_load
 *fill*         0x0000000040100f13        0x1 
 .text.bootloader_flash_read_no_decrypt
                0x0000000040100f14       0x15 /home/german/esp/hello_world/build/bootloader/bootloader_support/libbootloader_support.a(bootloader_flash.o)
 *fill*         0x0000000040100f29        0x3 
 .text.bootloader_mmap
                0x0000000040100f2c       0x63 /home/german/esp/hello_world/build/bootloader/bootloader_support/libbootloader_support.a(bootloader_flash.o)
                                         0x67 (size before relaxing)
                0x0000000040100f2c                bootloader_mmap
 *fill*         0x0000000040100f8f        0x1 
 .text.bootloader_munmap
                0x0000000040100f90       0x23 /home/german/esp/hello_world/build/bootloader/bootloader_support/libbootloader_support.a(bootloader_flash.o)
                0x0000000040100f90                bootloader_munmap
 *fill*         0x0000000040100fb3        0x1 
 .text.bootloader_flash_read
                0x0000000040100fb4       0x62 /home/german/esp/hello_world/build/bootloader/bootloader_support/libbootloader_support.a(bootloader_flash.o)
                                         0x65 (size before relaxing)
                0x0000000040100fb4                bootloader_flash_read
 *fill*         0x0000000040101016        0x2 
 .text.spi_user_cmd
                0x0000000040101018       0x4d /home/german/esp/hello_world/build/bootloader/spi_flash/libspi_flash.a(spi_flash.o)
                0x0000000040101018                spi_user_cmd
 *fill*         0x0000000040101065        0x3 
 .text.special_flash_read_status
                0x0000000040101068       0x39 /home/german/esp/hello_world/build/bootloader/spi_flash/libspi_flash.a(spi_flash.o)
                                         0x3d (size before relaxing)
                0x0000000040101068                special_flash_read_status
 *fill*         0x00000000401010a1        0x3 
 .text.flash_gd25q32c_read_status
                0x00000000401010a4       0x33 /home/german/esp/hello_world/build/bootloader/spi_flash/libspi_flash.a(spi_flash.o)
 *fill*         0x00000000401010d7        0x1 
 .text.special_flash_write_status
                0x00000000401010d8       0x59 /home/german/esp/hello_world/build/bootloader/spi_flash/libspi_flash.a(spi_flash.o)
                                         0x61 (size before relaxing)
                0x00000000401010d8                special_flash_write_status
 *fill*         0x0000000040101131        0x3 
 .text.spi_flash_enable_qio_bit6
                0x0000000040101134       0x17 /home/german/esp/hello_world/build/bootloader/spi_flash/libspi_flash.a(spi_flash.o)
                                         0x1b (size before relaxing)
 *fill*         0x000000004010114b        0x1 
 .text.flash_gd25q32c_write_status
                0x000000004010114c       0x30 /home/german/esp/hello_world/build/bootloader/spi_flash/libspi_flash.a(spi_flash.o)
 .text.flash_gd25q32c_enable_QIO_mode
                0x000000004010117c       0x3e /home/german/esp/hello_world/build/bootloader/spi_flash/libspi_flash.a(spi_flash.o)
                                         0x46 (size before relaxing)
 *fill*         0x00000000401011ba        0x2 
 .text.en25q16x_read_sfdp
                0x00000000401011bc       0x43 /home/german/esp/hello_world/build/bootloader/spi_flash/libspi_flash.a(spi_flash.o)
                0x00000000401011bc                en25q16x_read_sfdp
 *fill*         0x00000000401011ff        0x1 
 .text.spi_flash_get_id
                0x0000000040101200       0x26 /home/german/esp/hello_world/build/bootloader/spi_flash/libspi_flash.a(spi_flash.o)
                0x0000000040101200                spi_flash_get_id
 *fill*         0x0000000040101226        0x2 
 .text.spi_flash_read_status
                0x0000000040101228       0x28 /home/german/esp/hello_world/build/bootloader/spi_flash/libspi_flash.a(spi_flash.o)
                0x0000000040101228                spi_flash_read_status
 .text.spi_flash_issi_enable_QIO_mode
                0x0000000040101250       0x43 /home/german/esp/hello_world/build/bootloader/spi_flash/libspi_flash.a(spi_flash.o)
                                         0x4b (size before relaxing)
 *fill*         0x0000000040101293        0x1 
 .text.special_flash_set_mode
                0x0000000040101294       0x40 /home/german/esp/hello_world/build/bootloader/spi_flash/libspi_flash.a(spi_flash.o)
                                         0x44 (size before relaxing)
                0x0000000040101294                special_flash_set_mode
 .text.en25q16x_write_volatile_status
                0x00000000401012d4       0x4f /home/german/esp/hello_world/build/bootloader/spi_flash/libspi_flash.a(spi_flash.o)
                                         0x5b (size before relaxing)
                0x00000000401012d4                en25q16x_write_volatile_status
 *fill*         0x0000000040101323        0x1 
 .text.user_spi_flash_dio_to_qio_pre_init
                0x0000000040101324       0xd1 /home/german/esp/hello_world/build/bootloader/spi_flash/libspi_flash.a(spi_flash.o)
                                         0xdd (size before relaxing)
                0x0000000040101324                user_spi_flash_dio_to_qio_pre_init
 *fill*         0x00000000401013f5        0x3 
 .text.esp_spi_flash_init
                0x00000000401013f8       0xc1 /home/german/esp/hello_world/build/bootloader/spi_flash/libspi_flash.a(spi_flash.o)
                                         0xc5 (size before relaxing)
                0x00000000401013f8                esp_spi_flash_init
 *fill*         0x00000000401014b9        0x3 
 .text.Cache_Read_Disable_2
                0x00000000401014bc       0x34 /home/german/esp/hello_world/build/bootloader/spi_flash/libspi_flash.a(spi_flash_raw.o)
                0x00000000401014bc                Cache_Read_Disable_2
 .text.Cache_Read_Enable_2
                0x00000000401014f0       0x28 /home/german/esp/hello_world/build/bootloader/spi_flash/libspi_flash.a(spi_flash_raw.o)
                0x00000000401014f0                Cache_Read_Enable_New
                0x00000000401014f0                Cache_Read_Enable_2
 .text.spi_flash_get_id_raw
                0x0000000040101518       0x57 /home/german/esp/hello_world/build/bootloader/spi_flash/libspi_flash.a(spi_flash_raw.o)
                0x0000000040101518                spi_flash_get_id_raw
 *fill*         0x000000004010156f        0x1 
 .text.spi_flash_read_status_raw
                0x0000000040101570       0x2f /home/german/esp/hello_world/build/bootloader/spi_flash/libspi_flash.a(spi_flash_raw.o)
                                         0x33 (size before relaxing)
                0x0000000040101570                spi_flash_read_status_raw
 *fill*         0x000000004010159f        0x1 
 .text.spi_flash_enable_qmode_raw
                0x00000000401015a0       0x33 /home/german/esp/hello_world/build/bootloader/spi_flash/libspi_flash.a(spi_flash_raw.o)
                                         0x37 (size before relaxing)
                0x00000000401015a0                spi_flash_enable_qmode_raw
 *fill*         0x00000000401015d3        0x1 
 .text.spi_user_cmd_raw
                0x00000000401015d4      0x3d7 /home/german/esp/hello_world/build/bootloader/spi_flash/libspi_flash.a(spi_flash_raw.o)
                0x00000000401015d4                spi_user_cmd_raw
 *fill*         0x00000000401019ab        0x1 
 .text.spi_flash_switch_to_qio_raw
                0x00000000401019ac       0x25 /home/german/esp/hello_world/build/bootloader/spi_flash/libspi_flash.a(spi_flash_raw.o)
                0x00000000401019ac                spi_flash_switch_to_qio_raw
 *fill*         0x00000000401019d1        0x3 
 .text.uart_putc
                0x00000000401019d4       0x21 /home/german/esp/hello_world/build/bootloader/esp8266/libesp8266.a(ets_printf.o)
 *fill*         0x00000000401019f5        0x3 
 .text.ets_putc
                0x00000000401019f8       0x27 /home/german/esp/hello_world/build/bootloader/esp8266/libesp8266.a(ets_printf.o)
                0x00000000401019f8                ets_putc
 *fill*         0x0000000040101a1f        0x1 
 .text.ets_vprintf
                0x0000000040101a20       0x1f /home/german/esp/hello_world/build/bootloader/esp8266/libesp8266.a(ets_printf.o)
                0x0000000040101a20                ets_vprintf
 *fill*         0x0000000040101a3f        0x1 
 .text.ets_printf
                0x0000000040101a40       0x27 /home/german/esp/hello_world/build/bootloader/esp8266/libesp8266.a(ets_printf.o)
                                         0x2b (size before relaxing)
                0x0000000040101a40                ets_printf
 *fill*         0x0000000040101a67        0x1 
 .text.crc32_le
                0x0000000040101a68       0x2f /home/german/esp/hello_world/build/bootloader/util/libutil.a(crc.o)
                0x0000000040101a68                crc32_le
 *fill*         0x0000000040101a97        0x1 
 .text.phy_reg_default
                0x0000000040101a98       0x36 /home/german/esp/ESP8266_RTOS_SDK/components/esp8266/lib/libcore.a(phy.o)
                0x0000000040101aa8                phy_reg_default
 *fill*         0x0000000040101ace        0x2 
 .text.uart_div_modify
                0x0000000040101ad0       0x50 /home/german/esp/ESP8266_RTOS_SDK/components/esp8266/lib/libcore.a(uart.o)
                0x0000000040101ae0                uart_div_modify
 *fill*         0x0000000040101b20        0x0 
 *fill*         0x0000000040101b20        0x0 
 *fill*         0x0000000040101b20        0x0 
 *fill*         0x0000000040101b20        0x0 
 *fill*         0x0000000040101b20        0x0 
 *fill*         0x0000000040101b20        0x0 
 *fill*         0x0000000040101b20        0x0 
 .text.index_to_partition
                0x0000000040101b20       0x4b /home/german/esp/hello_world/build/bootloader/bootloader_support/libbootloader_support.a(bootloader_utility.o)
 *fill*         0x0000000040101b6b        0x0 
 *fill*         0x0000000040101b6b        0x0 
 *fill*         0x0000000040101b6b        0x0 
 *fill*         0x0000000040101b6b        0x0 
 *fill*         0x0000000040101b6b        0x0 
 *fill*         0x0000000040101b6b        0x0 
 *fill*         0x0000000040101b6b        0x0 
 *fill*         0x0000000040101b6b        0x1 
 .text.verify_segment_header
                0x0000000040101b6c        0x4 /home/german/esp/hello_world/build/bootloader/bootloader_support/libbootloader_support.a(esp_image_format.o)
 *fill*         0x0000000040101b70        0x0 
 *fill*         0x0000000040101b70        0x0 
 *fill*         0x0000000040101b70        0x0 
 *fill*         0x0000000040101b70        0x0 
 *fill*         0x0000000040101b70        0x0 
 *fill*         0x0000000040101b70        0x0 
 *fill*         0x0000000040101b70        0x0 
 *fill*         0x0000000040101b70        0x0 
 *fill*         0x0000000040101b70        0x0 
 *fill*         0x0000000040101b70        0x0 
 *fill*         0x0000000040101b70        0x0 
 *fill*         0x0000000040101b70        0x0 
 *fill*         0x0000000040101b70        0x0 
 *fill*         0x0000000040101b70        0x0 
 *fill*         0x0000000040101b70        0x0 
 *fill*         0x0000000040101b70        0x0 
 *fill*         0x0000000040101b70        0x0 
 *fill*         0x0000000040101b70        0x0 
 *fill*         0x0000000040101b70        0x0 
 *fill*         0x0000000040101b70        0x0 
 *fill*         0x0000000040101b70        0x0 
 *fill*         0x0000000040101b70        0x0 
 *fill*         0x0000000040101b70        0x0 
 *fill*         0x0000000040101b70        0x0 
 *fill*         0x0000000040101b70        0x0 
 *fill*         0x0000000040101b70        0x0 
 *fill*         0x0000000040101b70        0x0 
 *fill*         0x0000000040101b70        0x0 
 *fill*         0x0000000040101b70        0x0 
 *fill*         0x0000000040101b70        0x0 
 *fill*         0x0000000040101b70        0x0 
 *fill*         0x0000000040101b70        0x0 
 *fill*         0x0000000040101b70        0x0 
 *fill*         0x0000000040101b70        0x0 
 *(.iram1 .iram1.*)
 .iram1.0       0x0000000040101b70       0x18 /home/german/esp/hello_world/build/bootloader/log/liblog.a(log.o)
                0x0000000040101b70                esp_log_early_timestamp
 .iram1.1       0x0000000040101b88       0x92 /home/german/esp/hello_world/build/bootloader/log/liblog.a(log.o)
                                         0x9d (size before relaxing)
                0x0000000040101b88                esp_early_log_write
 *(.fini.literal)
 *(.fini)
 *(.gnu.version)
                0x0000000040101c1a                _text_end = ABSOLUTE (.)
                0x0000000040101c1a                _etext = .

.bss            0x000000003ffe8000      0x408
                0x000000003ffe8000                . = ALIGN (0x8)
                0x000000003ffe8000                _bss_start = ABSOLUTE (.)
 *(.dynsbss)
 *(.sbss)
 *(.sbss.*)
 *(.gnu.linkonce.sb.*)
 *(.scommon)
 *(.sbss2)
 *(.sbss2.*)
 *(.gnu.linkonce.sb2.*)
 *(.dynbss)
 *(.bss)
 *(.bss.*)
 .bss.pbuf$3464
                0x000000003ffe8000      0x400 /home/german/esp/hello_world/build/bootloader/bootloader_support/libbootloader_support.a(esp_image_format.o)
 .bss.mapped    0x000000003ffe8400        0x1 /home/german/esp/hello_world/build/bootloader/bootloader_support/libbootloader_support.a(bootloader_flash.o)
 .bss.FlashIsOnGoing
                0x000000003ffe8401        0x1 /home/german/esp/hello_world/build/bootloader/spi_flash/libspi_flash.a(spi_flash.o)
                0x000000003ffe8401                FlashIsOnGoing
 *(.gnu.linkonce.b.*)
 *(COMMON)
                0x000000003ffe8408                . = ALIGN (0x8)
 *fill*         0x000000003ffe8402        0x6 
                0x000000003ffe8408                _bss_end = ABSOLUTE (.)

.data           0x000000003ffe8408       0x18
                0x000000003ffe8408                _data_start = ABSOLUTE (.)
 *(.data)
 *(.data.*)
 .data.g_rom_flashchip
                0x000000003ffe8408       0x18 /home/german/esp/hello_world/build/bootloader/spi_flash/libspi_flash.a(spi_flash.o)
                0x000000003ffe8408                g_rom_flashchip
 *(.gnu.linkonce.d.*)
 *(.data1)
 *(.sdata)
 *(.sdata.*)
 *(.gnu.linkonce.s.*)
 *(.sdata2)
 *(.sdata2.*)
 *(.gnu.linkonce.s2.*)
 *(.jcr)
                0x000000003ffe8420                _data_end = ABSOLUTE (.)

.rodata         0x000000003ffe8420      0xdd8
                0x000000003ffe8420                _rodata_start = ABSOLUTE (.)
 *(.rodata)
 *(.rodata.*)
 .rodata.str1.4
                0x000000003ffe8420       0x21 /home/german/esp/hello_world/build/bootloader/main/libmain.a(bootloader_start.o)
 *fill*         0x000000003ffe8441        0x3 
 .rodata.str1.4
                0x000000003ffe8444       0xf6 /home/german/esp/hello_world/build/bootloader/bootloader_support/libbootloader_support.a(bootloader_init.o)
                                        0x102 (size before relaxing)
 *fill*         0x000000003ffe853a        0x2 
 .rodata.print_flash_info
                0x000000003ffe853c       0x28 /home/german/esp/hello_world/build/bootloader/bootloader_support/libbootloader_support.a(bootloader_init.o)
 .rodata.str1.4
                0x000000003ffe8564      0x38a /home/german/esp/hello_world/build/bootloader/bootloader_support/libbootloader_support.a(bootloader_utility.o)
                                        0x392 (size before relaxing)
 *fill*         0x000000003ffe88ee        0x2 
 .rodata.str1.4
                0x000000003ffe88f0       0xb4 /home/german/esp/hello_world/build/bootloader/bootloader_support/libbootloader_support.a(flash_partitions.o)
 .rodata.str1.4
                0x000000003ffe89a4      0x26b /home/german/esp/hello_world/build/bootloader/bootloader_support/libbootloader_support.a(esp_image_format.o)
                                        0x26f (size before relaxing)
 *fill*         0x000000003ffe8c0f        0x1 
 .rodata.str1.4
                0x000000003ffe8c10      0x17b /home/german/esp/hello_world/build/bootloader/bootloader_support/libbootloader_support.a(bootloader_flash.o)
 *fill*         0x000000003ffe8d8b        0x1 
 .rodata.str1.4
                0x000000003ffe8d8c       0x29 /home/german/esp/hello_world/build/bootloader/spi_flash/libspi_flash.a(spi_flash.o)
 *fill*         0x000000003ffe8db5        0x3 
 .rodata.str1.4
                0x000000003ffe8db8       0x20 /home/german/esp/hello_world/build/bootloader/log/liblog.a(log.o)
                                         0x22 (size before relaxing)
 .rodata.s_log_prefix
                0x000000003ffe8dd8        0x6 /home/german/esp/hello_world/build/bootloader/log/liblog.a(log.o)
 *fill*         0x000000003ffe8dde        0x2 
 .rodata.s_log_color
                0x000000003ffe8de0       0x18 /home/german/esp/hello_world/build/bootloader/log/liblog.a(log.o)
 .rodata.crc32_le_table
                0x000000003ffe8df8      0x400 /home/german/esp/hello_world/build/bootloader/util/libutil.a(crc.o)
 *(.gnu.linkonce.r.*)
 *(.rodata1)
                0x000000003ffe91f8                __XT_EXCEPTION_TABLE_ = ABSOLUTE (.)
 *(.xt_except_table)
 *(.gcc_except_table)
 *(.gnu.linkonce.e.*)
 *(.gnu.version_r)
 *(.eh_frame)
                0x000000003ffe91f8                . = ((. + 0x3) & 0xfffffffffffffffc)
                0x000000003ffe91f8                __init_array_start = ABSOLUTE (.)
 *crtbegin.o(.ctors)
 *(EXCLUDE_FILE(*crtend.o) .ctors)
 *(SORT(.ctors.*))
 *(.ctors)
                0x000000003ffe91f8                __init_array_end = ABSOLUTE (.)
 *crtbegin.o(.dtors)
 *(EXCLUDE_FILE(*crtend.o) .dtors)
 *(SORT(.dtors.*))
 *(.dtors)
                0x000000003ffe91f8                __XT_EXCEPTION_DESCS_ = ABSOLUTE (.)
 *(.xt_except_desc)
 *(.gnu.linkonce.h.*)
                0x000000003ffe91f8                __XT_EXCEPTION_DESCS_END__ = ABSOLUTE (.)
 *(.xt_except_desc_end)
 *(.dynamic)
 *(.gnu.version_d)
                0x000000003ffe91f8                _rodata_end = ABSOLUTE (.)
                0x000000003ffe91f8                _lit4_start = ABSOLUTE (.)
 *(*.lit4)
 *(.lit4.*)
 *(.gnu.linkonce.lit4.*)
                0x000000003ffe91f8                _lit4_end = ABSOLUTE (.)
                0x000000003ffe91f8                . = ALIGN (0x4)
                0x000000003ffe91f8                _heap_start = ABSOLUTE (.)
                0x0000000060001100                PROVIDE (rtc_sys_info, 0x60001100)
                0x00000000400040c0                PROVIDE (SPI_sector_erase, 0x400040c0)
                0x0000000040004174                PROVIDE (SPI_page_program, 0x40004174)
                0x00000000400042ac                PROVIDE (SPI_read_data, 0x400042ac)
                0x00000000400043c8                PROVIDE (SPI_read_status, 0x400043c8)
                0x0000000040004400                PROVIDE (SPI_write_status, 0x40004400)
                0x000000004000443c                PROVIDE (SPI_write_enable, 0x4000443c)
                0x000000004000448c                PROVIDE (Wait_SPI_Idle, 0x4000448c)
                0x00000000400044c0                PROVIDE (Enable_QMode, 0x400044c0)
                [!provide]                        PROVIDE (Disable_QMode, 0x40004508)
                0x0000000040004678                PROVIDE (Cache_Read_Enable, 0x40004678)
                0x00000000400047f0                PROVIDE (Cache_Read_Disable, 0x400047f0)
                [!provide]                        PROVIDE (lldesc_build_chain, 0x40004f40)
                [!provide]                        PROVIDE (lldesc_num2link, 0x40005050)
                [!provide]                        PROVIDE (lldesc_set_owner, 0x4000507c)
                [!provide]                        PROVIDE (__adddf3, 0x4000c538)
                [!provide]                        PROVIDE (__addsf3, 0x4000c180)
                [!provide]                        PROVIDE (__divdf3, 0x4000cb94)
                [!provide]                        PROVIDE (__divdi3, 0x4000ce60)
                [!provide]                        PROVIDE (__divsi3, 0x4000dc88)
                [!provide]                        PROVIDE (__extendsfdf2, 0x4000cdfc)
                [!provide]                        PROVIDE (__fixdfsi, 0x4000ccb8)
                [!provide]                        PROVIDE (__fixunsdfsi, 0x4000cd00)
                [!provide]                        PROVIDE (__fixunssfsi, 0x4000c4c4)
                [!provide]                        PROVIDE (__floatsidf, 0x4000e2f0)
                [!provide]                        PROVIDE (__floatsisf, 0x4000e2ac)
                [!provide]                        PROVIDE (__floatunsidf, 0x4000e2e8)
                [!provide]                        PROVIDE (__floatunsisf, 0x4000e2a4)
                [!provide]                        PROVIDE (__muldf3, 0x4000c8f0)
                [!provide]                        PROVIDE (__muldi3, 0x40000650)
                [!provide]                        PROVIDE (__mulsf3, 0x4000c3dc)
                [!provide]                        PROVIDE (__subdf3, 0x4000c688)
                [!provide]                        PROVIDE (__subsf3, 0x4000c268)
                [!provide]                        PROVIDE (__truncdfsf2, 0x4000cd5c)
                [!provide]                        PROVIDE (__udivdi3, 0x4000d310)
                0x000000004000e21c                PROVIDE (__udivsi3, 0x4000e21c)
                [!provide]                        PROVIDE (__umoddi3, 0x4000d770)
                0x000000004000e268                PROVIDE (__umodsi3, 0x4000e268)
                [!provide]                        PROVIDE (__umulsidi3, 0x4000dcf0)
                [!provide]                        PROVIDE (bzero, 0x4000de84)
                [!provide]                        PROVIDE (memcmp, 0x4000dea8)
                0x000000004000df48                PROVIDE (memcpy, 0x4000df48)
                [!provide]                        PROVIDE (memmove, 0x4000e04c)
                0x000000004000e190                PROVIDE (memset, 0x4000e190)
                [!provide]                        PROVIDE (strcmp, 0x4000bdc8)
                [!provide]                        PROVIDE (strcpy, 0x4000bec8)
                [!provide]                        PROVIDE (strlen, 0x4000bf4c)
                [!provide]                        PROVIDE (strncmp, 0x4000bfa8)
                [!provide]                        PROVIDE (strncpy, 0x4000c0a0)
                [!provide]                        PROVIDE (strstr, 0x4000e1e0)
                0x0000000040004cf0                PROVIDE (gpio_input_get, 0x40004cf0)
                [!provide]                        PROVIDE (gpio_pin_wakeup_disable, 0x40004ed4)
                [!provide]                        PROVIDE (gpio_pin_wakeup_enable, 0x40004e90)
                0x0000000040001f00                PROVIDE (ets_io_vprintf, 0x40001f00)
                [!provide]                        PROVIDE (uart_rx_one_char, 0x40003b8c)
                [!provide]                        PROVIDE (rom_i2c_readReg, 0x40007268)
                [!provide]                        PROVIDE (rom_i2c_readReg_Mask, 0x4000729c)
                [!provide]                        PROVIDE (rom_i2c_writeReg, 0x400072d8)
                [!provide]                        PROVIDE (rom_i2c_writeReg_Mask, 0x4000730c)
                [!provide]                        PROVIDE (ets_memcpy, 0x400018b4)
                0x0000000040004b1c                PROVIDE (SPIRead, 0x40004b1c)
                0x0000000040004a4c                PROVIDE (SPIWrite, 0x40004a4c)
                0x0000000040004a00                PROVIDE (SPIEraseSector, 0x40004a00)
                [!provide]                        PROVIDE (gpio_input_get, 0x40004cf0)
                [!provide]                        PROVIDE (xthal_get_ccount, 0x4000dd38)
                [!provide]                        PROVIDE (uart_div_modify, 0x400039d8)
                [!provide]                        PROVIDE (ets_io_vprintf, 0x40001f00)
OUTPUT(/home/german/esp/hello_world/build/bootloader/bootloader.elf elf32-xtensa-le)

.debug_frame    0x0000000000000000      0xab8
 .debug_frame   0x0000000000000000       0x74 /home/german/esp/hello_world/build/bootloader/main/libmain.a(bootloader_start.o)
 .debug_frame   0x0000000000000074       0xb4 /home/german/esp/hello_world/build/bootloader/bootloader_support/libbootloader_support.a(bootloader_init.o)
 .debug_frame   0x0000000000000128       0xfc /home/german/esp/hello_world/build/bootloader/bootloader_support/libbootloader_support.a(bootloader_utility.o)
 .debug_frame   0x0000000000000224       0x74 /home/german/esp/hello_world/build/bootloader/bootloader_support/libbootloader_support.a(bootloader_common.o)
 .debug_frame   0x0000000000000298       0x38 /home/german/esp/hello_world/build/bootloader/bootloader_support/libbootloader_support.a(flash_partitions.o)
 .debug_frame   0x00000000000002d0      0x13c /home/german/esp/hello_world/build/bootloader/bootloader_support/libbootloader_support.a(esp_image_format.o)
 .debug_frame   0x000000000000040c       0xd8 /home/german/esp/hello_world/build/bootloader/bootloader_support/libbootloader_support.a(bootloader_flash.o)
 .debug_frame   0x00000000000004e4      0x350 /home/german/esp/hello_world/build/bootloader/spi_flash/libspi_flash.a(spi_flash.o)
 .debug_frame   0x0000000000000834      0x16c /home/german/esp/hello_world/build/bootloader/spi_flash/libspi_flash.a(spi_flash_raw.o)
 .debug_frame   0x00000000000009a0       0x58 /home/german/esp/hello_world/build/bootloader/log/liblog.a(log.o)
 .debug_frame   0x00000000000009f8       0x80 /home/german/esp/hello_world/build/bootloader/esp8266/libesp8266.a(ets_printf.o)
 .debug_frame   0x0000000000000a78       0x40 /home/german/esp/hello_world/build/bootloader/util/libutil.a(crc.o)

.debug_info     0x0000000000000000     0x51f3
 .debug_info    0x0000000000000000      0x4b5 /home/german/esp/hello_world/build/bootloader/main/libmain.a(bootloader_start.o)
 .debug_info    0x00000000000004b5      0x4fd /home/german/esp/hello_world/build/bootloader/bootloader_support/libbootloader_support.a(bootloader_init.o)
 .debug_info    0x00000000000009b2      0xd5a /home/german/esp/hello_world/build/bootloader/bootloader_support/libbootloader_support.a(bootloader_utility.o)
 .debug_info    0x000000000000170c      0x341 /home/german/esp/hello_world/build/bootloader/bootloader_support/libbootloader_support.a(bootloader_common.o)
 .debug_info    0x0000000000001a4d      0x3d6 /home/german/esp/hello_world/build/bootloader/bootloader_support/libbootloader_support.a(flash_partitions.o)
 .debug_info    0x0000000000001e23      0xcf6 /home/german/esp/hello_world/build/bootloader/bootloader_support/libbootloader_support.a(esp_image_format.o)
 .debug_info    0x0000000000002b19      0x506 /home/german/esp/hello_world/build/bootloader/bootloader_support/libbootloader_support.a(bootloader_flash.o)
 .debug_info    0x000000000000301f     0x134f /home/german/esp/hello_world/build/bootloader/spi_flash/libspi_flash.a(spi_flash.o)
 .debug_info    0x000000000000436e      0x756 /home/german/esp/hello_world/build/bootloader/spi_flash/libspi_flash.a(spi_flash_raw.o)
 .debug_info    0x0000000000004ac4      0x307 /home/german/esp/hello_world/build/bootloader/log/liblog.a(log.o)
 .debug_info    0x0000000000004dcb      0x21f /home/german/esp/hello_world/build/bootloader/esp8266/libesp8266.a(ets_printf.o)
 .debug_info    0x0000000000004fea      0x209 /home/german/esp/hello_world/build/bootloader/util/libutil.a(crc.o)

.debug_abbrev   0x0000000000000000     0x1468
 .debug_abbrev  0x0000000000000000      0x18e /home/german/esp/hello_world/build/bootloader/main/libmain.a(bootloader_start.o)
 .debug_abbrev  0x000000000000018e      0x1c1 /home/german/esp/hello_world/build/bootloader/bootloader_support/libbootloader_support.a(bootloader_init.o)
 .debug_abbrev  0x000000000000034f      0x25c /home/german/esp/hello_world/build/bootloader/bootloader_support/libbootloader_support.a(bootloader_utility.o)
 .debug_abbrev  0x00000000000005ab      0x1aa /home/german/esp/hello_world/build/bootloader/bootloader_support/libbootloader_support.a(bootloader_common.o)
 .debug_abbrev  0x0000000000000755      0x16e /home/german/esp/hello_world/build/bootloader/bootloader_support/libbootloader_support.a(flash_partitions.o)
 .debug_abbrev  0x00000000000008c3      0x1e6 /home/german/esp/hello_world/build/bootloader/bootloader_support/libbootloader_support.a(esp_image_format.o)
 .debug_abbrev  0x0000000000000aa9      0x173 /home/german/esp/hello_world/build/bootloader/bootloader_support/libbootloader_support.a(bootloader_flash.o)
 .debug_abbrev  0x0000000000000c1c      0x306 /home/german/esp/hello_world/build/bootloader/spi_flash/libspi_flash.a(spi_flash.o)
 .debug_abbrev  0x0000000000000f22      0x176 /home/german/esp/hello_world/build/bootloader/spi_flash/libspi_flash.a(spi_flash_raw.o)
 .debug_abbrev  0x0000000000001098      0x1c8 /home/german/esp/hello_world/build/bootloader/log/liblog.a(log.o)
 .debug_abbrev  0x0000000000001260      0x159 /home/german/esp/hello_world/build/bootloader/esp8266/libesp8266.a(ets_printf.o)
 .debug_abbrev  0x00000000000013b9       0xaf /home/german/esp/hello_world/build/bootloader/util/libutil.a(crc.o)

.debug_loc      0x0000000000000000     0x3147
 .debug_loc     0x0000000000000000       0x76 /home/german/esp/hello_world/build/bootloader/main/libmain.a(bootloader_start.o)
 .debug_loc     0x0000000000000076       0xf6 /home/german/esp/hello_world/build/bootloader/bootloader_support/libbootloader_support.a(bootloader_init.o)
 .debug_loc     0x000000000000016c      0x5c4 /home/german/esp/hello_world/build/bootloader/bootloader_support/libbootloader_support.a(bootloader_utility.o)
 .debug_loc     0x0000000000000730      0x2e6 /home/german/esp/hello_world/build/bootloader/bootloader_support/libbootloader_support.a(bootloader_common.o)
 .debug_loc     0x0000000000000a16      0x108 /home/german/esp/hello_world/build/bootloader/bootloader_support/libbootloader_support.a(flash_partitions.o)
 .debug_loc     0x0000000000000b1e      0x991 /home/german/esp/hello_world/build/bootloader/bootloader_support/libbootloader_support.a(esp_image_format.o)
 .debug_loc     0x00000000000014af      0x33b /home/german/esp/hello_world/build/bootloader/bootloader_support/libbootloader_support.a(bootloader_flash.o)
 .debug_loc     0x00000000000017ea     0x10af /home/german/esp/hello_world/build/bootloader/spi_flash/libspi_flash.a(spi_flash.o)
 .debug_loc     0x0000000000002899      0x5a0 /home/german/esp/hello_world/build/bootloader/spi_flash/libspi_flash.a(spi_flash_raw.o)
 .debug_loc     0x0000000000002e39       0xe1 /home/german/esp/hello_world/build/bootloader/log/liblog.a(log.o)
 .debug_loc     0x0000000000002f1a       0x9b /home/german/esp/hello_world/build/bootloader/esp8266/libesp8266.a(ets_printf.o)
 .debug_loc     0x0000000000002fb5      0x192 /home/german/esp/hello_world/build/bootloader/util/libutil.a(crc.o)

.debug_aranges  0x0000000000000000      0x3a0
 .debug_aranges
                0x0000000000000000       0x30 /home/german/esp/hello_world/build/bootloader/main/libmain.a(bootloader_start.o)
 .debug_aranges
                0x0000000000000030       0x40 /home/german/esp/hello_world/build/bootloader/bootloader_support/libbootloader_support.a(bootloader_init.o)
 .debug_aranges
                0x0000000000000070       0x50 /home/german/esp/hello_world/build/bootloader/bootloader_support/libbootloader_support.a(bootloader_utility.o)
 .debug_aranges
                0x00000000000000c0       0x30 /home/german/esp/hello_world/build/bootloader/bootloader_support/libbootloader_support.a(bootloader_common.o)
 .debug_aranges
                0x00000000000000f0       0x20 /home/german/esp/hello_world/build/bootloader/bootloader_support/libbootloader_support.a(flash_partitions.o)
 .debug_aranges
                0x0000000000000110       0x60 /home/german/esp/hello_world/build/bootloader/bootloader_support/libbootloader_support.a(esp_image_format.o)
 .debug_aranges
                0x0000000000000170       0x48 /home/german/esp/hello_world/build/bootloader/bootloader_support/libbootloader_support.a(bootloader_flash.o)
 .debug_aranges
                0x00000000000001b8       0xe8 /home/german/esp/hello_world/build/bootloader/spi_flash/libspi_flash.a(spi_flash.o)
 .debug_aranges
                0x00000000000002a0       0x70 /home/german/esp/hello_world/build/bootloader/spi_flash/libspi_flash.a(spi_flash_raw.o)
 .debug_aranges
                0x0000000000000310       0x28 /home/german/esp/hello_world/build/bootloader/log/liblog.a(log.o)
 .debug_aranges
                0x0000000000000338       0x38 /home/german/esp/hello_world/build/bootloader/esp8266/libesp8266.a(ets_printf.o)
 .debug_aranges
                0x0000000000000370       0x30 /home/german/esp/hello_world/build/bootloader/util/libutil.a(crc.o)

.debug_ranges   0x0000000000000000      0x3f8
 .debug_ranges  0x0000000000000000       0x20 /home/german/esp/hello_world/build/bootloader/main/libmain.a(bootloader_start.o)
 .debug_ranges  0x0000000000000020       0x30 /home/german/esp/hello_world/build/bootloader/bootloader_support/libbootloader_support.a(bootloader_init.o)
 .debug_ranges  0x0000000000000050       0x40 /home/german/esp/hello_world/build/bootloader/bootloader_support/libbootloader_support.a(bootloader_utility.o)
 .debug_ranges  0x0000000000000090       0x20 /home/german/esp/hello_world/build/bootloader/bootloader_support/libbootloader_support.a(bootloader_common.o)
 .debug_ranges  0x00000000000000b0       0x40 /home/german/esp/hello_world/build/bootloader/bootloader_support/libbootloader_support.a(flash_partitions.o)
 .debug_ranges  0x00000000000000f0       0x80 /home/german/esp/hello_world/build/bootloader/bootloader_support/libbootloader_support.a(esp_image_format.o)
 .debug_ranges  0x0000000000000170       0x38 /home/german/esp/hello_world/build/bootloader/bootloader_support/libbootloader_support.a(bootloader_flash.o)
 .debug_ranges  0x00000000000001a8      0x190 /home/german/esp/hello_world/build/bootloader/spi_flash/libspi_flash.a(spi_flash.o)
 .debug_ranges  0x0000000000000338       0x60 /home/german/esp/hello_world/build/bootloader/spi_flash/libspi_flash.a(spi_flash_raw.o)
 .debug_ranges  0x0000000000000398       0x18 /home/german/esp/hello_world/build/bootloader/log/liblog.a(log.o)
 .debug_ranges  0x00000000000003b0       0x28 /home/german/esp/hello_world/build/bootloader/esp8266/libesp8266.a(ets_printf.o)
 .debug_ranges  0x00000000000003d8       0x20 /home/german/esp/hello_world/build/bootloader/util/libutil.a(crc.o)

.debug_line     0x0000000000000000     0x3b2c
 .debug_line    0x0000000000000000      0x351 /home/german/esp/hello_world/build/bootloader/main/libmain.a(bootloader_start.o)
 .debug_line    0x0000000000000351      0x474 /home/german/esp/hello_world/build/bootloader/bootloader_support/libbootloader_support.a(bootloader_init.o)
 .debug_line    0x00000000000007c5      0x7ea /home/german/esp/hello_world/build/bootloader/bootloader_support/libbootloader_support.a(bootloader_utility.o)
 .debug_line    0x0000000000000faf      0x322 /home/german/esp/hello_world/build/bootloader/bootloader_support/libbootloader_support.a(bootloader_common.o)
 .debug_line    0x00000000000012d1      0x33a /home/german/esp/hello_world/build/bootloader/bootloader_support/libbootloader_support.a(flash_partitions.o)
 .debug_line    0x000000000000160b      0x734 /home/german/esp/hello_world/build/bootloader/bootloader_support/libbootloader_support.a(esp_image_format.o)
 .debug_line    0x0000000000001d3f      0x39e /home/german/esp/hello_world/build/bootloader/bootloader_support/libbootloader_support.a(bootloader_flash.o)
 .debug_line    0x00000000000020dd      0xccb /home/german/esp/hello_world/build/bootloader/spi_flash/libspi_flash.a(spi_flash.o)
 .debug_line    0x0000000000002da8      0x63c /home/german/esp/hello_world/build/bootloader/spi_flash/libspi_flash.a(spi_flash_raw.o)
 .debug_line    0x00000000000033e4      0x335 /home/german/esp/hello_world/build/bootloader/log/liblog.a(log.o)
 .debug_line    0x0000000000003719      0x252 /home/german/esp/hello_world/build/bootloader/esp8266/libesp8266.a(ets_printf.o)
 .debug_line    0x000000000000396b      0x1c1 /home/german/esp/hello_world/build/bootloader/util/libutil.a(crc.o)

.debug_str      0x0000000000000000     0x1762
 .debug_str     0x0000000000000000      0x455 /home/german/esp/hello_world/build/bootloader/main/libmain.a(bootloader_start.o)
                                        0x4de (size before relaxing)
 .debug_str     0x0000000000000455      0x2fb /home/german/esp/hello_world/build/bootloader/bootloader_support/libbootloader_support.a(bootloader_init.o)
                                        0x596 (size before relaxing)
 .debug_str     0x0000000000000750      0x26f /home/german/esp/hello_world/build/bootloader/bootloader_support/libbootloader_support.a(bootloader_utility.o)
                                        0x708 (size before relaxing)
 .debug_str     0x00000000000009bf      0x168 /home/german/esp/hello_world/build/bootloader/bootloader_support/libbootloader_support.a(bootloader_common.o)
                                        0x381 (size before relaxing)
 .debug_str     0x0000000000000b27       0xe0 /home/german/esp/hello_world/build/bootloader/bootloader_support/libbootloader_support.a(flash_partitions.o)
                                        0x3af (size before relaxing)
 .debug_str     0x0000000000000c07      0x1cd /home/german/esp/hello_world/build/bootloader/bootloader_support/libbootloader_support.a(esp_image_format.o)
                                        0x777 (size before relaxing)
 .debug_str     0x0000000000000dd4      0x10b /home/german/esp/hello_world/build/bootloader/bootloader_support/libbootloader_support.a(bootloader_flash.o)
                                        0x38b (size before relaxing)
 .debug_str     0x0000000000000edf      0x52d /home/german/esp/hello_world/build/bootloader/spi_flash/libspi_flash.a(spi_flash.o)
                                        0x919 (size before relaxing)
 .debug_str     0x000000000000140c      0x129 /home/german/esp/hello_world/build/bootloader/spi_flash/libspi_flash.a(spi_flash_raw.o)
                                        0x4c2 (size before relaxing)
 .debug_str     0x0000000000001535      0x109 /home/german/esp/hello_world/build/bootloader/log/liblog.a(log.o)
                                        0x2c4 (size before relaxing)
 .debug_str     0x000000000000163e       0xaa /home/german/esp/hello_world/build/bootloader/esp8266/libesp8266.a(ets_printf.o)
                                        0x216 (size before relaxing)
 .debug_str     0x00000000000016e8       0x7a /home/german/esp/hello_world/build/bootloader/util/libutil.a(crc.o)
                                        0x19e (size before relaxing)

.comment        0x0000000000000000       0x75
 .comment       0x0000000000000000       0x3b /home/german/esp/hello_world/build/bootloader/main/libmain.a(bootloader_start.o)
                                         0x3c (size before relaxing)
 .comment       0x000000000000003b       0x3c /home/german/esp/hello_world/build/bootloader/bootloader_support/libbootloader_support.a(bootloader_init.o)
 .comment       0x000000000000003b       0x3c /home/german/esp/hello_world/build/bootloader/bootloader_support/libbootloader_support.a(bootloader_utility.o)
 .comment       0x000000000000003b       0x3c /home/german/esp/hello_world/build/bootloader/bootloader_support/libbootloader_support.a(bootloader_common.o)
 .comment       0x000000000000003b       0x3c /home/german/esp/hello_world/build/bootloader/bootloader_support/libbootloader_support.a(flash_partitions.o)
 .comment       0x000000000000003b       0x3c /home/german/esp/hello_world/build/bootloader/bootloader_support/libbootloader_support.a(esp_image_format.o)
 .comment       0x000000000000003b       0x3c /home/german/esp/hello_world/build/bootloader/bootloader_support/libbootloader_support.a(bootloader_flash.o)
 .comment       0x000000000000003b       0x3c /home/german/esp/hello_world/build/bootloader/spi_flash/libspi_flash.a(spi_flash.o)
 .comment       0x000000000000003b       0x3c /home/german/esp/hello_world/build/bootloader/spi_flash/libspi_flash.a(spi_flash_raw.o)
 .comment       0x000000000000003b       0x3c /home/german/esp/hello_world/build/bootloader/log/liblog.a(log.o)
 .comment       0x000000000000003b       0x3c /home/german/esp/hello_world/build/bootloader/esp8266/libesp8266.a(ets_printf.o)
 .comment       0x000000000000003b       0x3c /home/german/esp/hello_world/build/bootloader/util/libutil.a(crc.o)
 .comment       0x000000000000003b       0x3a /home/german/esp/ESP8266_RTOS_SDK/components/esp8266/lib/libcore.a(phy.o)
                                         0x3b (size before relaxing)
 .comment       0x0000000000000075       0x3b /home/german/esp/ESP8266_RTOS_SDK/components/esp8266/lib/libcore.a(uart.o)

.xtensa.info    0x0000000000000000       0x38
 .xtensa.info   0x0000000000000000       0x38 /home/german/esp/hello_world/build/bootloader/main/libmain.a(bootloader_start.o)
 .xtensa.info   0x0000000000000038        0x0 /home/german/esp/hello_world/build/bootloader/bootloader_support/libbootloader_support.a(bootloader_init.o)
 .xtensa.info   0x0000000000000038        0x0 /home/german/esp/hello_world/build/bootloader/bootloader_support/libbootloader_support.a(bootloader_utility.o)
 .xtensa.info   0x0000000000000038        0x0 /home/german/esp/hello_world/build/bootloader/bootloader_support/libbootloader_support.a(bootloader_common.o)
 .xtensa.info   0x0000000000000038        0x0 /home/german/esp/hello_world/build/bootloader/bootloader_support/libbootloader_support.a(flash_partitions.o)
 .xtensa.info   0x0000000000000038        0x0 /home/german/esp/hello_world/build/bootloader/bootloader_support/libbootloader_support.a(esp_image_format.o)
 .xtensa.info   0x0000000000000038        0x0 /home/german/esp/hello_world/build/bootloader/bootloader_support/libbootloader_support.a(bootloader_flash.o)
 .xtensa.info   0x0000000000000038        0x0 /home/german/esp/hello_world/build/bootloader/spi_flash/libspi_flash.a(spi_flash.o)
 .xtensa.info   0x0000000000000038        0x0 /home/german/esp/hello_world/build/bootloader/spi_flash/libspi_flash.a(spi_flash_raw.o)
 .xtensa.info   0x0000000000000038        0x0 /home/german/esp/hello_world/build/bootloader/log/liblog.a(log.o)
 .xtensa.info   0x0000000000000038        0x0 /home/german/esp/hello_world/build/bootloader/esp8266/libesp8266.a(ets_printf.o)
 .xtensa.info   0x0000000000000038        0x0 /home/german/esp/hello_world/build/bootloader/util/libutil.a(crc.o)
 .xtensa.info   0x0000000000000038        0x0 /home/german/esp/ESP8266_RTOS_SDK/components/esp8266/lib/libcore.a(phy.o)
 .xtensa.info   0x0000000000000038        0x0 /home/german/esp/ESP8266_RTOS_SDK/components/esp8266/lib/libcore.a(uart.o)
